// Jest Snapshot v1, https://goo.gl/fbAQLP

exports[`TableToolbar UI Test csv test Component snapshot 1`] = `
<WithStyles(Toolbar)
  className="_TableToolbar-root-1"
>
  <div
    className="_TableToolbar-flex-2"
  >
    <WithStyles(Input)
      className="_TableToolbar-search-3"
      endAdornment={
        <pure(CloseIcon)
          className="_TableToolbar-reset-4"
          onClick={[Function]}
        />
      }
      onChange={[Function]}
      placeholder="搜尋..."
    />
  </div>
  <CSVDownload
    className="_TableToolbar-toolButton-8"
    color="default"
    data={
      Array [
        Object {
          "column1": "A",
          "column2": "B",
          "column3": "3",
          "column4": "C",
          "column5": "4",
        },
        Object {
          "column1": "B",
          "column2": "C",
          "column3": "1",
          "column4": "C",
          "column5": "6",
        },
        Object {
          "column1": "T",
          "column2": "N",
          "column3": "2",
          "column4": "D",
          "column5": "1",
        },
        Object {
          "column1": "G",
          "column2": "M",
          "column3": "6",
          "column4": "D",
          "column5": "3",
        },
        Object {
          "column1": "H",
          "column2": "O",
          "column3": "7",
          "column4": "F",
          "column5": "8",
        },
        Object {
          "column1": "A",
          "column2": "S",
          "column3": "4",
          "column4": "E",
          "column5": "9",
        },
      ]
    }
    filename="export.csv"
    headers={
      Array [
        Object {
          "column": "column1",
          "key": "column1",
          "label": "label1",
        },
        Object {
          "column": "column2",
          "key": "column2",
          "label": "label2",
        },
        Object {
          "column": "column3",
          "key": "column3",
          "label": "label3",
        },
        Object {
          "column": "column4",
          "key": "column4",
          "label": "label4",
        },
        Object {
          "column": "column5",
          "key": "column5",
          "label": "label5",
        },
      ]
    }
    text="CSV"
    variant="outlined"
  >
    <WithStyles(Grid)
      alignItems="center"
      container={true}
    >
      匯出CSV
      <pure(CloudDownloadIcon)
        className="_TableToolbar-rightIcon-7"
      />
    </WithStyles(Grid)>
  </CSVDownload>
</WithStyles(Toolbar)>
`;

exports[`TableToolbar UI Test filters test Component snapshot 1`] = `
<WithStyles(Toolbar)
  className="_TableToolbar-root-1"
>
  <div
    className="_TableToolbar-flex-2"
  >
    <WithStyles(Input)
      className="_TableToolbar-search-3"
      endAdornment={
        <pure(CloseIcon)
          className="_TableToolbar-reset-4"
          onClick={[Function]}
        />
      }
      onChange={[Function]}
      placeholder="搜尋..."
    />
  </div>
  <div>
    <WithStyles(Button)
      buttonRef={
        Object {
          "current": null,
        }
      }
      color="default"
      id="view-column"
      onClick={[Function]}
      size="small"
      variant="outlined"
    >
      <WithStyles(Grid)
        alignItems="center"
        container={true}
      >
        選擇欄位
        <pure(ViewColumnIcon)
          className="_TableToolbar-rightIcon-7"
        />
      </WithStyles(Grid)>
    </WithStyles(Button)>
    <WithStyles(Popover)
      anchorEl={null}
      anchorOrigin={
        Object {
          "horizontal": "right",
          "vertical": 48,
        }
      }
      classes={
        Object {
          "paper": "_TableToolbar-columnMenu-5",
        }
      }
      onClose={[Function]}
      open={false}
    >
      <WithStyles(FormGroup)>
        <WithStyles(WithFormControlContext(FormControlLabel))
          control={
            <WithStyles(Checkbox)
              checked={true}
              color="primary"
              name="column1"
              onChange={[MockFunction]}
            />
          }
          key="0"
          label="label1"
        />
        <WithStyles(WithFormControlContext(FormControlLabel))
          control={
            <WithStyles(Checkbox)
              checked={true}
              color="primary"
              name="column2"
              onChange={[MockFunction]}
            />
          }
          key="1"
          label="label2"
        />
      </WithStyles(FormGroup)>
    </WithStyles(Popover)>
  </div>
</WithStyles(Toolbar)>
`;

exports[`TableToolbar UI Test search test Component snapshot 1`] = `
<WithStyles(Toolbar)
  className="_TableToolbar-root-1"
>
  <div
    className="_TableToolbar-flex-2"
  >
    <WithStyles(Input)
      className="_TableToolbar-search-3"
      endAdornment={
        <pure(CloseIcon)
          className="_TableToolbar-reset-4"
          onClick={[MockFunction]}
        />
      }
      onChange={[MockFunction]}
      placeholder="搜尋..."
      value=""
    />
  </div>
</WithStyles(Toolbar)>
`;
